{"Red Scooter": {"description": "Red scooter. Has battery.", "checked out": false}, "Blue Scooter": {"description": "Battery-powered scooter.", "checked out": false}}