{"Red Scooter": {"description": "Red scooter. Has battery.", "checked out": true}, "Blue Scooter": {"description": "Battery-powered scooter.", "checked out": true}}